[server] goldens from /home/rafaelrt/LINUX_YOCTO_RP5_TPM_ENV/releases/ab-r22/goldens.json (release ab-r22)
[server] nonce = 42d003ec29fb78d615c4c7b1ec9cccc084f5198f507becd960ecad3a27744794
  [info] device: partition 2 tryboot True counter 13
  [PASS] AK signature on quote
  [PASS] AK signature on meas cert
  [PASS] quote freshness (nonce)
  [PASS] PCR state == golden (release)
  [info] active root slot: B (/dev/mmcblk0p4)
  [PASS] meas-cert freshness (nonce)
  [PASS] boot record (measured-boot NV == golden for slot)
  [PASS] NV commits to the quoted PCRs (NV == SHA256(0*32 || pcrDigest))
  [info] TPM clock=620881 resetCount=5 restartCount=0 safe=1
  [PASS] restart evidence (resetCount 3 -> 5)

[server] ATTESTATION PASSED — device trusted
[server] evidence: fresh (resetCount 3 -> 5: restarted since the last round)
[server] goldens from /home/rafaelrt/LINUX_YOCTO_RP5_TPM_ENV/releases/ab-r22/goldens.json (release ab-r22)
[server] nonce = 381a54d18096b947af0bf97be9a8f12555525424f7124d0f0a284aaaa5697f38
  [info] device: partition 2 tryboot False counter 22
  [PASS] AK signature on quote
  [PASS] AK signature on meas cert
  [PASS] quote freshness (nonce)
  [PASS] PCR state == golden (release)
  [info] active root slot: B (/dev/mmcblk0p4)
  [PASS] meas-cert freshness (nonce)
  [PASS] boot record (measured-boot NV == golden for slot)
  [PASS] NV commits to the quoted PCRs (NV == SHA256(0*32 || pcrDigest))
  [info] TPM clock=657638 resetCount=6 restartCount=0 safe=1
  [PASS] restart evidence (resetCount 5 -> 6)

[server] ATTESTATION PASSED — device trusted
[server] evidence: fresh (resetCount 5 -> 6: restarted since the last round)
[update] release version 22
[update] board: committed pair 1, target 2, counter 13
[update] installed into pair 2: {'root': '/dev/mmcblk0p4', 'boot': '/dev/mmcblk0p2'}
[update] trial boot requested; waiting
[update] up: partition 2 tryboot True counter 13
[update] PCR0 predicted on the host from the enrolled devicetree digest: a08ff4a970919dad...
[update] health check = attestation round
[update] committed pair 2; rebooting
[update] up: partition 2 tryboot False counter 22
[update] goldens of release 22 are now current (/home/rafaelrt/projs/MsCS/rp5_tpm_secure_boot/agents/server/../../attestation/boards/192.168.10.124/current-goldens.json)
[update] DONE
