[server] goldens from /home/rafaelrt/LINUX_YOCTO_RP5_TPM_ENV/releases/ab-r19/goldens.json (release ab-r19)
[server] nonce = 2ca137a8a57ae56bf28ffa33943979e82186323a6d29c72dba411f2ede36b692
  [info] device: partition 2 tryboot True counter 19
  [PASS] AK signature on quote
  [PASS] AK signature on meas cert
  [PASS] quote freshness (nonce)
  [PASS] PCR state == golden (release)
  [info] active root slot: B (/dev/mmcblk0p4)
  [PASS] meas-cert freshness (nonce)
  [PASS] boot record (measured-boot NV == golden for slot)
  [PASS] NV commits to the quoted PCRs (NV == SHA256(0*32 || pcrDigest))
  [info] TPM clock=2571938868 resetCount=352 restartCount=0 safe=1
  [PASS] restart evidence (resetCount 349 -> 352)

[server] ATTESTATION PASSED — device trusted
[server] evidence: fresh (resetCount 349 -> 352: restarted since the last round)
[server] goldens from /home/rafaelrt/LINUX_YOCTO_RP5_TPM_ENV/releases/ab-r19/goldens.json (release ab-r19)
[server] nonce = 60fafc310a104627650d3f18fccbf270744e2f82da851f1244682507e88193a7
  [info] device: partition 2 tryboot False counter 19
  [PASS] AK signature on quote
  [PASS] AK signature on meas cert
  [PASS] quote freshness (nonce)
  [PASS] PCR state == golden (release)
  [info] active root slot: B (/dev/mmcblk0p4)
  [PASS] meas-cert freshness (nonce)
  [PASS] boot record (measured-boot NV == golden for slot)
  [PASS] NV commits to the quoted PCRs (NV == SHA256(0*32 || pcrDigest))
  [info] TPM clock=2571975128 resetCount=353 restartCount=0 safe=1
  [PASS] restart evidence (resetCount 352 -> 353)

[server] ATTESTATION PASSED — device trusted
[server] evidence: fresh (resetCount 352 -> 353: restarted since the last round)
[update] release version 19
[update] board: committed pair 1, target 2, counter 19
[update] installed into pair 2: {'root': '/dev/mmcblk0p4', 'boot': '/dev/mmcblk0p2'}
[update] trial boot requested; waiting
[update] up: partition 2 tryboot True counter 19
[update] PCR0 predicted on the host from the enrolled devicetree digest: 52132441c175f880...
[update] health check = attestation round
[update] committed pair 2; rebooting
[update] up: partition 2 tryboot False counter 19
[update] goldens of release 19 are now current (/home/rafaelrt/projs/MsCS/rp5_tpm_secure_boot/agents/server/../../attestation/boards/192.168.10.198/current-goldens.json)
[update] DONE
