[update] release version 22
[update] board: committed pair 1, target 2, counter 21
[update] installed into pair 2: {'root': '/dev/mmcblk0p4', 'boot': '/dev/mmcblk0p2'}
[update] trial boot requested; waiting
[update] up: partition 2 tryboot True counter 21
[update] PCR0 predicted on the host from the enrolled devicetree digest: 53cb317f2a17d209...
[update] health check = attestation round
[server] goldens from /home/rafaelrt/LINUX_YOCTO_RP5_TPM_ENV/releases/ab-r22/goldens.json (release ab-r22)
[server] nonce = df373ea4f7df520d20ea9ad1b5f2ec5286949741119d9139064378d32ecfc918
  [info] device: partition 2 tryboot True counter 21
  [PASS] AK signature on quote
  [PASS] AK signature on meas cert
  [PASS] quote freshness (nonce)
  [PASS] PCR state == golden (release)
  [info] active root slot: B (/dev/mmcblk0p4)
  [PASS] meas-cert freshness (nonce)
  [PASS] boot record (measured-boot NV == golden for slot)
  [PASS] NV commits to the quoted PCRs (NV == SHA256(0*32 || pcrDigest))
  [info] TPM clock=2596585322 resetCount=387 restartCount=0 safe=1
  [PASS] restart evidence (resetCount 385 -> 387)

[server] ATTESTATION PASSED — device trusted
[server] evidence: fresh (resetCount 385 -> 387: restarted since the last round)
[update] committed pair 2; rebooting
[update] up: partition 2 tryboot False counter 22
[server] goldens from /home/rafaelrt/LINUX_YOCTO_RP5_TPM_ENV/releases/ab-r22/goldens.json (release ab-r22)
[server] nonce = 3c4d7e7111e3004353128dbb3a58caa8d31f591bd1291b7843d15e9cb8b32cc8
  [info] device: partition 2 tryboot False counter 22
  [PASS] AK signature on quote
  [PASS] AK signature on meas cert
  [PASS] quote freshness (nonce)
  [PASS] PCR state == golden (release)
  [info] active root slot: B (/dev/mmcblk0p4)
  [PASS] meas-cert freshness (nonce)
  [PASS] boot record (measured-boot NV == golden for slot)
  [PASS] NV commits to the quoted PCRs (NV == SHA256(0*32 || pcrDigest))
  [info] TPM clock=2596621654 resetCount=388 restartCount=0 safe=1
  [PASS] restart evidence (resetCount 387 -> 388)

[server] ATTESTATION PASSED — device trusted
[server] evidence: fresh (resetCount 387 -> 388: restarted since the last round)
[update] goldens of release 22 are now current (/home/rafaelrt/projs/MsCS/rp5_tpm_secure_boot/agents/server/../../attestation/boards/192.168.10.198/current-goldens.json)
[update] DONE
