[update] release version 20
[update] board: committed pair 1, target 2, counter 19
[update] installed into pair 2: {'root': '/dev/mmcblk0p4', 'boot': '/dev/mmcblk0p2'}
[update] trial boot requested; waiting
[update] up: partition 2 tryboot True counter 19
[update] PCR0 predicted on the host from the enrolled devicetree digest: 7b011338bfc84ca6...
[update] health check = attestation round
[server] goldens from /home/rafaelrt/LINUX_YOCTO_RP5_TPM_ENV/releases/ab-r20/goldens.json (release ab-r20)
[server] nonce = 486067dd992fe2cd19e069400631af02d95df6df2d55e473bd5f42e687287249
  [info] device: partition 2 tryboot True counter 19
  [PASS] AK signature on quote
  [PASS] AK signature on meas cert
  [PASS] quote freshness (nonce)
  [PASS] PCR state == golden (release)
  [info] active root slot: B (/dev/mmcblk0p4)
  [PASS] meas-cert freshness (nonce)
  [PASS] boot record (measured-boot NV == golden for slot)
  [PASS] NV commits to the quoted PCRs (NV == SHA256(0*32 || pcrDigest))
  [info] TPM clock=2587937739 resetCount=378 restartCount=0 safe=1
  [PASS] restart evidence (resetCount 368 -> 378)

[server] ATTESTATION PASSED — device trusted
[server] evidence: fresh (resetCount 368 -> 378: restarted since the last round)
[update] committed pair 2; rebooting
[update] up: partition 2 tryboot False counter 20
[server] goldens from /home/rafaelrt/LINUX_YOCTO_RP5_TPM_ENV/releases/ab-r20/goldens.json (release ab-r20)
[server] nonce = 7d6887d983d006fd1358ffb62735a04869121846afaf729e44c690cbe2225aac
  [info] device: partition 2 tryboot False counter 20
  [PASS] AK signature on quote
  [PASS] AK signature on meas cert
  [PASS] quote freshness (nonce)
  [PASS] PCR state == golden (release)
  [info] active root slot: B (/dev/mmcblk0p4)
  [PASS] meas-cert freshness (nonce)
  [PASS] boot record (measured-boot NV == golden for slot)
  [PASS] NV commits to the quoted PCRs (NV == SHA256(0*32 || pcrDigest))
  [info] TPM clock=2587973908 resetCount=379 restartCount=0 safe=1
  [PASS] restart evidence (resetCount 378 -> 379)

[server] ATTESTATION PASSED — device trusted
[server] evidence: fresh (resetCount 378 -> 379: restarted since the last round)
[update] goldens of release 20 are now current (/home/rafaelrt/projs/MsCS/rp5_tpm_secure_boot/agents/server/../../attestation/boards/192.168.10.198/current-goldens.json)
[update] DONE
