[server] goldens from /home/rafaelrt/LINUX_YOCTO_RP5_TPM_ENV/releases/ab-r18/goldens.json (release ab-r18)
[server] nonce = d79241ecc621371f46137fae50cce41e9c5525183e88c84802975d2e6a337766
  [info] device: partition 1 tryboot True counter 18
  [PASS] AK signature on quote
  [PASS] AK signature on meas cert
  [PASS] quote freshness (nonce)
  [PASS] PCR state == golden (release)
  [info] active root slot: A (/dev/mmcblk0p3)
  [PASS] meas-cert freshness (nonce)
  [PASS] boot record (measured-boot NV == golden for slot)
  [PASS] NV commits to the quoted PCRs (NV == SHA256(0*32 || pcrDigest))
  [info] TPM clock=2568696510 resetCount=343 restartCount=0 safe=1
  [PASS] restart evidence (resetCount 342 -> 343)

[server] ATTESTATION PASSED — device trusted
[server] evidence: fresh (resetCount 342 -> 343: restarted since the last round)
[server] goldens from /home/rafaelrt/LINUX_YOCTO_RP5_TPM_ENV/releases/ab-r18/goldens.json (release ab-r18)
[server] nonce = 951a85bd2d4a99d596ca702e7ee0766ae9580c8330cc1d2b35c934f23f44a87a
  [info] device: partition 1 tryboot False counter 18
  [PASS] AK signature on quote
  [PASS] AK signature on meas cert
  [PASS] quote freshness (nonce)
  [PASS] PCR state == golden (release)
  [info] active root slot: A (/dev/mmcblk0p3)
  [PASS] meas-cert freshness (nonce)
  [PASS] boot record (measured-boot NV == golden for slot)
  [PASS] NV commits to the quoted PCRs (NV == SHA256(0*32 || pcrDigest))
  [info] TPM clock=2568734910 resetCount=344 restartCount=0 safe=1
  [PASS] restart evidence (resetCount 343 -> 344)

[server] ATTESTATION PASSED — device trusted
[server] evidence: fresh (resetCount 343 -> 344: restarted since the last round)
[update] release version 18
[update] board: committed pair 2, target 1, counter 18
[update] installed into pair 1: {'root': '/dev/mmcblk0p3', 'boot': '/dev/mmcblk0p1'}
[update] trial boot requested; waiting
[update] up: partition 1 tryboot True counter 18
[update] PCR0 predicted on the host from the enrolled devicetree digest: ee636b763b527358...
[update] health check = attestation round
[update] committed pair 1; rebooting
[update] up: partition 1 tryboot False counter 18
[update] goldens of release 18 are now current (/home/rafaelrt/projs/MsCS/rp5_tpm_secure_boot/agents/server/../../attestation/boards/192.168.10.198/current-goldens.json)
[update] DONE
