[server] goldens from /home/rafaelrt/LINUX_YOCTO_RP5_TPM_ENV/releases/ab-r17/goldens.json (release ab-r17)
[server] nonce = ae1a26d9da7aa23d4d3728d3efecf5987bccdd6355c758d99b8002d677adcb71
  [info] device: partition 2 tryboot True counter 17
  [PASS] AK signature on quote
  [PASS] AK signature on meas cert
  [PASS] quote freshness (nonce)
  [PASS] PCR state == golden (release)
  [info] active root slot: B (/dev/mmcblk0p4)
  [PASS] meas-cert freshness (nonce)
  [PASS] boot record (measured-boot NV == golden for slot)
  [PASS] NV commits to the quoted PCRs (NV == SHA256(0*32 || pcrDigest))
  [info] TPM clock=2567529074 resetCount=216 restartCount=0 safe=1
  [PASS] restart evidence (resetCount 155 -> 216)

[server] ATTESTATION PASSED — device trusted
[server] evidence: fresh (resetCount 155 -> 216: restarted since the last round)
[server] goldens from /home/rafaelrt/LINUX_YOCTO_RP5_TPM_ENV/releases/ab-r17/goldens.json (release ab-r17)
[server] nonce = ebe51fa05bf60506a764f644367109bc37f25b7a9ff5b0de70d630d6c6c7157d
  [info] device: partition 2 tryboot False counter 17
  [PASS] AK signature on quote
  [PASS] AK signature on meas cert
  [PASS] quote freshness (nonce)
  [PASS] PCR state == golden (release)
  [info] active root slot: B (/dev/mmcblk0p4)
  [PASS] meas-cert freshness (nonce)
  [PASS] boot record (measured-boot NV == golden for slot)
  [PASS] NV commits to the quoted PCRs (NV == SHA256(0*32 || pcrDigest))
  [info] TPM clock=2567565329 resetCount=217 restartCount=0 safe=1
  [PASS] restart evidence (resetCount 216 -> 217)

[server] ATTESTATION PASSED — device trusted
[server] evidence: fresh (resetCount 216 -> 217: restarted since the last round)
[update] release version 17
[update] board: committed pair 1, target 2, counter 17
[update] installed into pair 2: {'root': '/dev/mmcblk0p4', 'boot': '/dev/mmcblk0p2'}
[update] trial boot requested; waiting
[update] up: partition 2 tryboot True counter 17
[update] PCR0 predicted on the host from the enrolled devicetree digest: 94cce7abb63511d7...
[update] health check = attestation round
[update] committed pair 2; rebooting
[update] up: partition 2 tryboot False counter 17
[update] goldens of release 17 are now current (/home/rafaelrt/projs/MsCS/rp5_tpm_secure_boot/agents/server/../../attestation/boards/192.168.10.198/current-goldens.json)
[update] DONE
